Predicted y: [27.95810584 30.38339579 27.78786791 22.34153561 26.68806637]
Actual y: [25.42815249 32.42130987 27.91886608 32.13391984  6.41251222]


Predicted y: [22.23855967 21.29858623  8.68264249 17.08372891 15.31373683]
Actual y: [22.93743891 14.07624633  8.61583578 38.6001955  23.70381232]


Predicted y: [31.12608025 25.09761884 23.62320762 18.14318    18.54187442]
Actual y: [26.67350929 34.67253177 17.76441838  7.17888563 27.67937439]


Predicted y: [34.7585753  21.63886106 16.90405373 26.88842659 20.23614388]
Actual y: [32.90029326 10.43597263 34.24144673 18.33919844 10.00488759]


Predicted y: [13.18466091 15.11966086  9.76524967  8.13298223 15.0025394 ]
Actual y: [14.028348    5.64613881 22.65004888  3.82600196 22.84164223]


Predicted y: [43.36947184 25.72791834 27.3140388  14.07931001 20.22135802]
Actual y: [48.08406647  1.19159335 25.66764418 30.84066471 26.00293255]


Predicted y: [28.78082634 34.77291644 28.14316288 32.4535533  31.50023432]
Actual y: [28.97262952 18.96187683 38.40860215 48.70674487 42.09677419]


Predicted y: [39.03388468 20.23400777 18.80392214 22.8008456  15.91866164]
Actual y: [33.28347996  2.82013685  1.33528837 15.99217986 45.06647116]


Predicted y: [15.55813161 29.16136675 26.86129139 28.36306053 26.56544991]
Actual y: [ 9.33431085 22.21896383  8.28054741 37.73802542 46.742913  ]


Predicted y: [43.68245202 32.57720136 28.00864467 36.09450941 27.16149155]
Actual y: [40.80351906 32.08602151 29.0684262  35.05571848 37.64222874]

