#output for my test of the PeakMLP model

Predicted y: [453 506 510 514 584 663 670 675]
Actual y: [512 514 581 637 671]


Predicted y: [443 503 512 531]
Actual y: [439 443 512 526 532]


Predicted y: [354 377 384 385 515 522 583]
Actual y: [382 512 515 556 625]


Predicted y: [393 512 531]
Actual y: [406 512 529 530 671]


Predicted y: [325 330 479 515 560 578 580]
Actual y: [313 335 503 512 666]


Predicted y: [353 509 515 543 613 617]
Actual y: [348 512 540 611]


Predicted y: [344 391 414 504 506 519 712]
Actual y: [413 503 512 556 709]


Predicted y: [510 644]
Actual y: [357 390 434 503 512]


Predicted y: [386 514 564 610 619 625 660]
Actual y: [483 489 512 625 657]

