#output for my test of PeakLNN with the preset architecture


Predicted y: 0.1829695701599121 +/- -0.000736373127438128
Actual y: 0.8249266862170088


Predicted y: 0.18309126794338226 +/- -0.0008190994267351925
Actual y: 0.4542521994134897


Predicted y: 0.18939447402954102 +/- -4.642457042791648e-06
Actual y: 0.8624633431085044


Predicted y: 0.18274138867855072 +/- -0.0008102419087663293
Actual y: 0.4143695014662757


Predicted y: 0.18995144963264465 +/- -0.001063758973032236
Actual y: 0.13440860215053763


Predicted y: 0.18284520506858826 +/- -0.0008041094988584518
Actual y: 0.11173020527859238


Predicted y: 0.1832984834909439 +/- -0.0008456601644866168
Actual y: 0.4002932551319648


Predicted y: 0.1852598488330841 +/- -0.0008299656328745186
Actual y: 0.5301075268817205


Predicted y: 0.18292544782161713 +/- -0.0008252862025983632
Actual y: 0.36588465298142714


Predicted y: 0.18445171415805817 +/- -0.0007329866639338434
Actual y: 0.5895405669599219

